Excluding 108 Twinned(2 x 1) pairwise rows (include_twinned=False).
Validated 521 rows / 168 pairs. Pretrain=10, candidate=158, pairwise image overlap=7.
Loaded SimCLR encoder fully (0 missing, 0 unexpected keys).
/home/user/wt_new/code/active_learning_studies/pair_disjoint_not_image_disjoint/frozen_encoder_reward_head.py:100: UserWarning: The given NumPy array is not writable, and PyTorch does not support non-writable tensors. This means writing to this tensor will result in undefined behavior. You may want to copy the array to protect its data or make it writable before converting it to a tensor. This type of warning will be suppressed for the rest of this program. (Triggered internally at /__w/pytorch/pytorch/torch/csrc/utils/tensor_numpy.cpp:213.)
  xa, xb, typ = features.get(rows.resolved_img1), features.get(rows.resolved_img2), torch.as_tensor(rows.type_idx.to_numpy())
split B initial random seed 900: pool 336 judgments, 112 pairs, finished in 119s
Excluding 108 Twinned(2 x 1) pairwise rows (include_twinned=False).
Validated 521 rows / 168 pairs. Pretrain=10, candidate=158, pairwise image overlap=8.
Loaded SimCLR encoder fully (0 missing, 0 unexpected keys).
split B initial random seed 901: pool 351 judgments, 116 pairs, finished in 118s
Excluding 108 Twinned(2 x 1) pairwise rows (include_twinned=False).
Validated 521 rows / 168 pairs. Pretrain=10, candidate=158, pairwise image overlap=3.
Loaded SimCLR encoder fully (0 missing, 0 unexpected keys).
split B initial random seed 902: pool 360 judgments, 117 pairs, finished in 124s
Excluding 108 Twinned(2 x 1) pairwise rows (include_twinned=False).
Validated 521 rows / 168 pairs. Pretrain=10, candidate=158, pairwise image overlap=8.
Loaded SimCLR encoder fully (0 missing, 0 unexpected keys).
split B initial random seed 903: pool 345 judgments, 116 pairs, finished in 121s
Excluding 108 Twinned(2 x 1) pairwise rows (include_twinned=False).
Validated 521 rows / 168 pairs. Pretrain=10, candidate=158, pairwise image overlap=5.
Loaded SimCLR encoder fully (0 missing, 0 unexpected keys).
split B initial random seed 904: pool 355 judgments, 118 pairs, finished in 122s
Excluding 108 Twinned(2 x 1) pairwise rows (include_twinned=False).
Validated 521 rows / 168 pairs. Pretrain=10, candidate=158, pairwise image overlap=5.
Loaded SimCLR encoder fully (0 missing, 0 unexpected keys).
split B initial random seed 905: pool 364 judgments, 118 pairs, finished in 123s
Excluding 108 Twinned(2 x 1) pairwise rows (include_twinned=False).
Validated 521 rows / 168 pairs. Pretrain=10, candidate=158, pairwise image overlap=9.
Loaded SimCLR encoder fully (0 missing, 0 unexpected keys).
split B initial random seed 906: pool 346 judgments, 116 pairs, finished in 121s
Excluding 108 Twinned(2 x 1) pairwise rows (include_twinned=False).
Validated 521 rows / 168 pairs. Pretrain=10, candidate=158, pairwise image overlap=3.
Loaded SimCLR encoder fully (0 missing, 0 unexpected keys).
split B initial random seed 907: pool 364 judgments, 124 pairs, finished in 124s
Excluding 108 Twinned(2 x 1) pairwise rows (include_twinned=False).
Validated 521 rows / 168 pairs. Pretrain=10, candidate=158, pairwise image overlap=4.
Loaded SimCLR encoder fully (0 missing, 0 unexpected keys).
split B initial random seed 908: pool 322 judgments, 110 pairs, finished in 119s
Excluding 108 Twinned(2 x 1) pairwise rows (include_twinned=False).
Validated 521 rows / 168 pairs. Pretrain=10, candidate=158, pairwise image overlap=9.
Loaded SimCLR encoder fully (0 missing, 0 unexpected keys).
split B initial random seed 909: pool 346 judgments, 114 pairs, finished in 123s
Excluding 108 Twinned(2 x 1) pairwise rows (include_twinned=False).
Validated 521 rows / 168 pairs. Pretrain=10, candidate=158, pairwise image overlap=4.
Loaded SimCLR encoder fully (0 missing, 0 unexpected keys).
split B initial random seed 910: pool 363 judgments, 119 pairs, finished in 123s
Excluding 108 Twinned(2 x 1) pairwise rows (include_twinned=False).
Validated 521 rows / 168 pairs. Pretrain=10, candidate=158, pairwise image overlap=8.
Loaded SimCLR encoder fully (0 missing, 0 unexpected keys).
split B initial random seed 911: pool 360 judgments, 115 pairs, finished in 123s
Excluding 108 Twinned(2 x 1) pairwise rows (include_twinned=False).
Validated 521 rows / 168 pairs. Pretrain=10, candidate=158, pairwise image overlap=8.
Loaded SimCLR encoder fully (0 missing, 0 unexpected keys).
split B initial random seed 912: pool 341 judgments, 114 pairs, finished in 122s
Excluding 108 Twinned(2 x 1) pairwise rows (include_twinned=False).
Validated 521 rows / 168 pairs. Pretrain=10, candidate=158, pairwise image overlap=5.
Loaded SimCLR encoder fully (0 missing, 0 unexpected keys).
split B initial random seed 913: pool 354 judgments, 116 pairs, finished in 121s
Excluding 108 Twinned(2 x 1) pairwise rows (include_twinned=False).
Validated 521 rows / 168 pairs. Pretrain=10, candidate=158, pairwise image overlap=3.
Loaded SimCLR encoder fully (0 missing, 0 unexpected keys).
split B initial random seed 914: pool 360 judgments, 119 pairs, finished in 122s
Excluding 108 Twinned(2 x 1) pairwise rows (include_twinned=False).
Validated 521 rows / 168 pairs. Pretrain=10, candidate=158, pairwise image overlap=7.
Loaded SimCLR encoder fully (0 missing, 0 unexpected keys).
split B initial random seed 915: pool 335 judgments, 114 pairs, finished in 109s
Excluding 108 Twinned(2 x 1) pairwise rows (include_twinned=False).
Validated 521 rows / 168 pairs. Pretrain=10, candidate=158, pairwise image overlap=11.
Loaded SimCLR encoder fully (0 missing, 0 unexpected keys).
split B initial random seed 916: pool 346 judgments, 117 pairs, finished in 105s
Excluding 108 Twinned(2 x 1) pairwise rows (include_twinned=False).
Validated 521 rows / 168 pairs. Pretrain=10, candidate=158, pairwise image overlap=5.
Loaded SimCLR encoder fully (0 missing, 0 unexpected keys).
split B initial random seed 917: pool 376 judgments, 122 pairs, finished in 124s
Excluding 108 Twinned(2 x 1) pairwise rows (include_twinned=False).
Validated 521 rows / 168 pairs. Pretrain=10, candidate=158, pairwise image overlap=5.
Loaded SimCLR encoder fully (0 missing, 0 unexpected keys).
split B initial random seed 918: pool 325 judgments, 112 pairs, finished in 120s
Excluding 108 Twinned(2 x 1) pairwise rows (include_twinned=False).
Validated 521 rows / 168 pairs. Pretrain=10, candidate=158, pairwise image overlap=8.
Loaded SimCLR encoder fully (0 missing, 0 unexpected keys).
split B initial random seed 919: pool 323 judgments, 109 pairs, finished in 112s
Excluding 108 Twinned(2 x 1) pairwise rows (include_twinned=False).
Validated 521 rows / 168 pairs. Pretrain=10, candidate=158, pairwise image overlap=4.
Loaded SimCLR encoder fully (0 missing, 0 unexpected keys).
