Excluding 108 Twinned(2 x 1) pairwise rows (include_twinned=False).
Validated 521 rows / 168 pairs. Pretrain=10, candidate=158, pairwise image overlap=8.
Loaded SimCLR encoder fully (0 missing, 0 unexpected keys).
/home/user/wt_new/code/active_learning_studies/pair_disjoint_not_image_disjoint/frozen_encoder_reward_head.py:100: UserWarning: The given NumPy array is not writable, and PyTorch does not support non-writable tensors. This means writing to this tensor will result in undefined behavior. You may want to copy the array to protect its data or make it writable before converting it to a tensor. This type of warning will be suppressed for the rest of this program. (Triggered internally at /__w/pytorch/pytorch/torch/csrc/utils/tensor_numpy.cpp:213.)
  xa, xb, typ = features.get(rows.resolved_img1), features.get(rows.resolved_img2), torch.as_tensor(rows.type_idx.to_numpy())
split A initial groups seed 1300: pool 218 judgments, 70 pairs, finished in 63s
Excluding 108 Twinned(2 x 1) pairwise rows (include_twinned=False).
Validated 521 rows / 168 pairs. Pretrain=10, candidate=158, pairwise image overlap=8.
Loaded SimCLR encoder fully (0 missing, 0 unexpected keys).
split A initial groups seed 1301: pool 212 judgments, 73 pairs, finished in 62s
Excluding 108 Twinned(2 x 1) pairwise rows (include_twinned=False).
Validated 521 rows / 168 pairs. Pretrain=10, candidate=158, pairwise image overlap=6.
Loaded SimCLR encoder fully (0 missing, 0 unexpected keys).
split A initial groups seed 1302: pool 234 judgments, 74 pairs, finished in 63s
Excluding 108 Twinned(2 x 1) pairwise rows (include_twinned=False).
Validated 521 rows / 168 pairs. Pretrain=10, candidate=158, pairwise image overlap=7.
Loaded SimCLR encoder fully (0 missing, 0 unexpected keys).
split A initial groups seed 1303: pool 237 judgments, 73 pairs, finished in 62s
Excluding 108 Twinned(2 x 1) pairwise rows (include_twinned=False).
Validated 521 rows / 168 pairs. Pretrain=10, candidate=158, pairwise image overlap=5.
Loaded SimCLR encoder fully (0 missing, 0 unexpected keys).
split A initial groups seed 1304: pool 228 judgments, 73 pairs, finished in 62s
Excluding 108 Twinned(2 x 1) pairwise rows (include_twinned=False).
Validated 521 rows / 168 pairs. Pretrain=10, candidate=158, pairwise image overlap=8.
Loaded SimCLR encoder fully (0 missing, 0 unexpected keys).
split A initial groups seed 1305: pool 202 judgments, 66 pairs, finished in 62s
Excluding 108 Twinned(2 x 1) pairwise rows (include_twinned=False).
Validated 521 rows / 168 pairs. Pretrain=10, candidate=158, pairwise image overlap=6.
Loaded SimCLR encoder fully (0 missing, 0 unexpected keys).
split A initial groups seed 1306: pool 230 judgments, 73 pairs, finished in 62s
Excluding 108 Twinned(2 x 1) pairwise rows (include_twinned=False).
Validated 521 rows / 168 pairs. Pretrain=10, candidate=158, pairwise image overlap=5.
Loaded SimCLR encoder fully (0 missing, 0 unexpected keys).
split A initial groups seed 1307: pool 201 judgments, 67 pairs, finished in 72s
Excluding 108 Twinned(2 x 1) pairwise rows (include_twinned=False).
Validated 521 rows / 168 pairs. Pretrain=10, candidate=158, pairwise image overlap=10.
Loaded SimCLR encoder fully (0 missing, 0 unexpected keys).
split A initial groups seed 1308: pool 219 judgments, 70 pairs, finished in 63s
Excluding 108 Twinned(2 x 1) pairwise rows (include_twinned=False).
Validated 521 rows / 168 pairs. Pretrain=10, candidate=158, pairwise image overlap=3.
Loaded SimCLR encoder fully (0 missing, 0 unexpected keys).
split A initial groups seed 1309: pool 196 judgments, 65 pairs, finished in 64s
Excluding 108 Twinned(2 x 1) pairwise rows (include_twinned=False).
Validated 521 rows / 168 pairs. Pretrain=10, candidate=158, pairwise image overlap=2.
Loaded SimCLR encoder fully (0 missing, 0 unexpected keys).
split A initial groups seed 1310: pool 212 judgments, 71 pairs, finished in 62s
Excluding 108 Twinned(2 x 1) pairwise rows (include_twinned=False).
Validated 521 rows / 168 pairs. Pretrain=10, candidate=158, pairwise image overlap=5.
Loaded SimCLR encoder fully (0 missing, 0 unexpected keys).
split A initial groups seed 1311: pool 216 judgments, 67 pairs, finished in 62s
Excluding 108 Twinned(2 x 1) pairwise rows (include_twinned=False).
Validated 521 rows / 168 pairs. Pretrain=10, candidate=158, pairwise image overlap=4.
Loaded SimCLR encoder fully (0 missing, 0 unexpected keys).
split A initial groups seed 1312: pool 222 judgments, 70 pairs, finished in 62s
Excluding 108 Twinned(2 x 1) pairwise rows (include_twinned=False).
Validated 521 rows / 168 pairs. Pretrain=10, candidate=158, pairwise image overlap=4.
Loaded SimCLR encoder fully (0 missing, 0 unexpected keys).
split A initial groups seed 1313: pool 225 judgments, 72 pairs, finished in 63s
Excluding 108 Twinned(2 x 1) pairwise rows (include_twinned=False).
Validated 521 rows / 168 pairs. Pretrain=10, candidate=158, pairwise image overlap=4.
Loaded SimCLR encoder fully (0 missing, 0 unexpected keys).
split A initial groups seed 1314: pool 209 judgments, 69 pairs, finished in 61s
Excluding 108 Twinned(2 x 1) pairwise rows (include_twinned=False).
Validated 521 rows / 168 pairs. Pretrain=10, candidate=158, pairwise image overlap=4.
Loaded SimCLR encoder fully (0 missing, 0 unexpected keys).
split A initial groups seed 1315: pool 231 judgments, 75 pairs, finished in 62s
Excluding 108 Twinned(2 x 1) pairwise rows (include_twinned=False).
Validated 521 rows / 168 pairs. Pretrain=10, candidate=158, pairwise image overlap=5.
Loaded SimCLR encoder fully (0 missing, 0 unexpected keys).
split A initial groups seed 1316: pool 213 judgments, 73 pairs, finished in 62s
Excluding 108 Twinned(2 x 1) pairwise rows (include_twinned=False).
Validated 521 rows / 168 pairs. Pretrain=10, candidate=158, pairwise image overlap=6.
Loaded SimCLR encoder fully (0 missing, 0 unexpected keys).
split A initial groups seed 1317: pool 202 judgments, 69 pairs, finished in 62s
Excluding 108 Twinned(2 x 1) pairwise rows (include_twinned=False).
Validated 521 rows / 168 pairs. Pretrain=10, candidate=158, pairwise image overlap=8.
Loaded SimCLR encoder fully (0 missing, 0 unexpected keys).
split A initial groups seed 1318: pool 218 judgments, 73 pairs, finished in 61s
Excluding 108 Twinned(2 x 1) pairwise rows (include_twinned=False).
Validated 521 rows / 168 pairs. Pretrain=10, candidate=158, pairwise image overlap=6.
Loaded SimCLR encoder fully (0 missing, 0 unexpected keys).
split A initial groups seed 1319: pool 226 judgments, 72 pairs, finished in 63s
Excluding 108 Twinned(2 x 1) pairwise rows (include_twinned=False).
Validated 521 rows / 168 pairs. Pretrain=10, candidate=158, pairwise image overlap=6.
Loaded SimCLR encoder fully (0 missing, 0 unexpected keys).
split A initial groups seed 1320: pool 217 judgments, 71 pairs, finished in 62s
Excluding 108 Twinned(2 x 1) pairwise rows (include_twinned=False).
Validated 521 rows / 168 pairs. Pretrain=10, candidate=158, pairwise image overlap=7.
Loaded SimCLR encoder fully (0 missing, 0 unexpected keys).
split A initial groups seed 1321: pool 235 judgments, 77 pairs, finished in 61s
Excluding 108 Twinned(2 x 1) pairwise rows (include_twinned=False).
Validated 521 rows / 168 pairs. Pretrain=10, candidate=158, pairwise image overlap=3.
Loaded SimCLR encoder fully (0 missing, 0 unexpected keys).
split A initial groups seed 1322: pool 216 judgments, 68 pairs, finished in 61s
Excluding 108 Twinned(2 x 1) pairwise rows (include_twinned=False).
Validated 521 rows / 168 pairs. Pretrain=10, candidate=158, pairwise image overlap=2.
Loaded SimCLR encoder fully (0 missing, 0 unexpected keys).
