Excluding 108 Twinned(2 x 1) pairwise rows (include_twinned=False).
Validated 521 rows / 168 pairs. Pretrain=10, candidate=158, pairwise image overlap=7.
Loaded SimCLR encoder fully (0 missing, 0 unexpected keys).
/home/user/wt_new/code/active_learning_studies/pair_disjoint_not_image_disjoint/frozen_encoder_reward_head.py:100: UserWarning: The given NumPy array is not writable, and PyTorch does not support non-writable tensors. This means writing to this tensor will result in undefined behavior. You may want to copy the array to protect its data or make it writable before converting it to a tensor. This type of warning will be suppressed for the rest of this program. (Triggered internally at /__w/pytorch/pytorch/torch/csrc/utils/tensor_numpy.cpp:213.)
  xa, xb, typ = features.get(rows.resolved_img1), features.get(rows.resolved_img2), torch.as_tensor(rows.type_idx.to_numpy())
split A initial random seed 900: pool 235 judgments, 80 pairs, finished in 108s
Excluding 108 Twinned(2 x 1) pairwise rows (include_twinned=False).
Validated 521 rows / 168 pairs. Pretrain=10, candidate=158, pairwise image overlap=8.
Loaded SimCLR encoder fully (0 missing, 0 unexpected keys).
split A initial random seed 901: pool 257 judgments, 86 pairs, finished in 105s
Excluding 108 Twinned(2 x 1) pairwise rows (include_twinned=False).
Validated 521 rows / 168 pairs. Pretrain=10, candidate=158, pairwise image overlap=3.
Loaded SimCLR encoder fully (0 missing, 0 unexpected keys).
split A initial random seed 902: pool 231 judgments, 79 pairs, finished in 107s
Excluding 108 Twinned(2 x 1) pairwise rows (include_twinned=False).
Validated 521 rows / 168 pairs. Pretrain=10, candidate=158, pairwise image overlap=8.
Loaded SimCLR encoder fully (0 missing, 0 unexpected keys).
split A initial random seed 903: pool 242 judgments, 80 pairs, finished in 109s
Excluding 108 Twinned(2 x 1) pairwise rows (include_twinned=False).
Validated 521 rows / 168 pairs. Pretrain=10, candidate=158, pairwise image overlap=5.
Loaded SimCLR encoder fully (0 missing, 0 unexpected keys).
split A initial random seed 904: pool 220 judgments, 75 pairs, finished in 106s
Excluding 108 Twinned(2 x 1) pairwise rows (include_twinned=False).
Validated 521 rows / 168 pairs. Pretrain=10, candidate=158, pairwise image overlap=5.
Loaded SimCLR encoder fully (0 missing, 0 unexpected keys).
split A initial random seed 905: pool 223 judgments, 78 pairs, finished in 108s
Excluding 108 Twinned(2 x 1) pairwise rows (include_twinned=False).
Validated 521 rows / 168 pairs. Pretrain=10, candidate=158, pairwise image overlap=9.
Loaded SimCLR encoder fully (0 missing, 0 unexpected keys).
split A initial random seed 906: pool 246 judgments, 82 pairs, finished in 106s
Excluding 108 Twinned(2 x 1) pairwise rows (include_twinned=False).
Validated 521 rows / 168 pairs. Pretrain=10, candidate=158, pairwise image overlap=3.
Loaded SimCLR encoder fully (0 missing, 0 unexpected keys).
split A initial random seed 907: pool 217 judgments, 72 pairs, finished in 106s
Excluding 108 Twinned(2 x 1) pairwise rows (include_twinned=False).
Validated 521 rows / 168 pairs. Pretrain=10, candidate=158, pairwise image overlap=4.
Loaded SimCLR encoder fully (0 missing, 0 unexpected keys).
split A initial random seed 908: pool 228 judgments, 76 pairs, finished in 107s
Excluding 108 Twinned(2 x 1) pairwise rows (include_twinned=False).
Validated 521 rows / 168 pairs. Pretrain=10, candidate=158, pairwise image overlap=9.
Loaded SimCLR encoder fully (0 missing, 0 unexpected keys).
split A initial random seed 909: pool 245 judgments, 80 pairs, finished in 109s
Excluding 108 Twinned(2 x 1) pairwise rows (include_twinned=False).
Validated 521 rows / 168 pairs. Pretrain=10, candidate=158, pairwise image overlap=4.
Loaded SimCLR encoder fully (0 missing, 0 unexpected keys).
split A initial random seed 910: pool 230 judgments, 76 pairs, finished in 111s
Excluding 108 Twinned(2 x 1) pairwise rows (include_twinned=False).
Validated 521 rows / 168 pairs. Pretrain=10, candidate=158, pairwise image overlap=8.
Loaded SimCLR encoder fully (0 missing, 0 unexpected keys).
split A initial random seed 911: pool 245 judgments, 79 pairs, finished in 115s
Excluding 108 Twinned(2 x 1) pairwise rows (include_twinned=False).
Validated 521 rows / 168 pairs. Pretrain=10, candidate=158, pairwise image overlap=8.
Loaded SimCLR encoder fully (0 missing, 0 unexpected keys).
split A initial random seed 912: pool 251 judgments, 83 pairs, finished in 117s
Excluding 108 Twinned(2 x 1) pairwise rows (include_twinned=False).
Validated 521 rows / 168 pairs. Pretrain=10, candidate=158, pairwise image overlap=5.
Loaded SimCLR encoder fully (0 missing, 0 unexpected keys).
split A initial random seed 913: pool 229 judgments, 77 pairs, finished in 114s
Excluding 108 Twinned(2 x 1) pairwise rows (include_twinned=False).
Validated 521 rows / 168 pairs. Pretrain=10, candidate=158, pairwise image overlap=3.
Loaded SimCLR encoder fully (0 missing, 0 unexpected keys).
split A initial random seed 914: pool 229 judgments, 76 pairs, finished in 115s
Excluding 108 Twinned(2 x 1) pairwise rows (include_twinned=False).
Validated 521 rows / 168 pairs. Pretrain=10, candidate=158, pairwise image overlap=7.
Loaded SimCLR encoder fully (0 missing, 0 unexpected keys).
split A initial random seed 915: pool 254 judgments, 85 pairs, finished in 116s
Excluding 108 Twinned(2 x 1) pairwise rows (include_twinned=False).
Validated 521 rows / 168 pairs. Pretrain=10, candidate=158, pairwise image overlap=11.
Loaded SimCLR encoder fully (0 missing, 0 unexpected keys).
split A initial random seed 916: pool 249 judgments, 83 pairs, finished in 112s
Excluding 108 Twinned(2 x 1) pairwise rows (include_twinned=False).
Validated 521 rows / 168 pairs. Pretrain=10, candidate=158, pairwise image overlap=5.
Loaded SimCLR encoder fully (0 missing, 0 unexpected keys).
split A initial random seed 917: pool 247 judgments, 81 pairs, finished in 99s
Excluding 108 Twinned(2 x 1) pairwise rows (include_twinned=False).
Validated 521 rows / 168 pairs. Pretrain=10, candidate=158, pairwise image overlap=5.
Loaded SimCLR encoder fully (0 missing, 0 unexpected keys).
split A initial random seed 918: pool 220 judgments, 77 pairs, finished in 106s
Excluding 108 Twinned(2 x 1) pairwise rows (include_twinned=False).
Validated 521 rows / 168 pairs. Pretrain=10, candidate=158, pairwise image overlap=8.
Loaded SimCLR encoder fully (0 missing, 0 unexpected keys).
split A initial random seed 919: pool 256 judgments, 85 pairs, finished in 113s
Excluding 108 Twinned(2 x 1) pairwise rows (include_twinned=False).
Validated 521 rows / 168 pairs. Pretrain=10, candidate=158, pairwise image overlap=4.
Loaded SimCLR encoder fully (0 missing, 0 unexpected keys).
split A initial random seed 920: pool 218 judgments, 73 pairs, finished in 113s
Excluding 108 Twinned(2 x 1) pairwise rows (include_twinned=False).
Validated 521 rows / 168 pairs. Pretrain=10, candidate=158, pairwise image overlap=2.
Loaded SimCLR encoder fully (0 missing, 0 unexpected keys).
split A initial random seed 921: pool 223 judgments, 76 pairs, finished in 101s
Excluding 108 Twinned(2 x 1) pairwise rows (include_twinned=False).
Validated 521 rows / 168 pairs. Pretrain=10, candidate=158, pairwise image overlap=2.
Loaded SimCLR encoder fully (0 missing, 0 unexpected keys).
