Excluding 108 Twinned(2 x 1) pairwise rows (include_twinned=False).
Validated 521 rows / 168 pairs. Pretrain=60, candidate=108, pairwise image overlap=21.
Loaded SimCLR encoder fully (0 missing, 0 unexpected keys).
/home/user/wt_new/code/active_learning_studies/pair_disjoint_not_image_disjoint/frozen_encoder_reward_head.py:100: UserWarning: The given NumPy array is not writable, and PyTorch does not support non-writable tensors. This means writing to this tensor will result in undefined behavior. You may want to copy the array to protect its data or make it writable before converting it to a tensor. This type of warning will be suppressed for the rest of this program. (Triggered internally at /__w/pytorch/pytorch/torch/csrc/utils/tensor_numpy.cpp:213.)
  xa, xb, typ = features.get(rows.resolved_img1), features.get(rows.resolved_img2), torch.as_tensor(rows.type_idx.to_numpy())
split A initial groups seed 615: pool 90 judgments, 29 pairs, finished in 78s
Excluding 108 Twinned(2 x 1) pairwise rows (include_twinned=False).
Validated 521 rows / 168 pairs. Pretrain=60, candidate=108, pairwise image overlap=21.
Loaded SimCLR encoder fully (0 missing, 0 unexpected keys).
split A initial groups seed 616: pool 105 judgments, 34 pairs, finished in 82s
Excluding 108 Twinned(2 x 1) pairwise rows (include_twinned=False).
Validated 521 rows / 168 pairs. Pretrain=60, candidate=108, pairwise image overlap=22.
Loaded SimCLR encoder fully (0 missing, 0 unexpected keys).
split A initial groups seed 617: pool 84 judgments, 28 pairs, finished in 119s
Excluding 108 Twinned(2 x 1) pairwise rows (include_twinned=False).
Validated 521 rows / 168 pairs. Pretrain=60, candidate=108, pairwise image overlap=27.
Loaded SimCLR encoder fully (0 missing, 0 unexpected keys).
split A initial groups seed 618: pool 108 judgments, 34 pairs, finished in 125s
Excluding 108 Twinned(2 x 1) pairwise rows (include_twinned=False).
Validated 521 rows / 168 pairs. Pretrain=60, candidate=108, pairwise image overlap=20.
Loaded SimCLR encoder fully (0 missing, 0 unexpected keys).
split A initial groups seed 619: pool 89 judgments, 30 pairs, finished in 129s
Excluding 108 Twinned(2 x 1) pairwise rows (include_twinned=False).
Validated 521 rows / 168 pairs. Pretrain=60, candidate=108, pairwise image overlap=20.
Loaded SimCLR encoder fully (0 missing, 0 unexpected keys).
split A initial groups seed 620: pool 89 judgments, 30 pairs, finished in 116s
Excluding 108 Twinned(2 x 1) pairwise rows (include_twinned=False).
Validated 521 rows / 168 pairs. Pretrain=60, candidate=108, pairwise image overlap=24.
Loaded SimCLR encoder fully (0 missing, 0 unexpected keys).
split A initial groups seed 621: pool 100 judgments, 34 pairs, finished in 120s
Excluding 108 Twinned(2 x 1) pairwise rows (include_twinned=False).
Validated 521 rows / 168 pairs. Pretrain=60, candidate=108, pairwise image overlap=26.
Loaded SimCLR encoder fully (0 missing, 0 unexpected keys).
split A initial groups seed 622: pool 106 judgments, 35 pairs, finished in 120s
Excluding 108 Twinned(2 x 1) pairwise rows (include_twinned=False).
Validated 521 rows / 168 pairs. Pretrain=60, candidate=108, pairwise image overlap=25.
Loaded SimCLR encoder fully (0 missing, 0 unexpected keys).
split A initial groups seed 623: pool 94 judgments, 32 pairs, finished in 117s
Excluding 108 Twinned(2 x 1) pairwise rows (include_twinned=False).
Validated 521 rows / 168 pairs. Pretrain=60, candidate=108, pairwise image overlap=23.
Loaded SimCLR encoder fully (0 missing, 0 unexpected keys).
split A initial groups seed 624: pool 106 judgments, 36 pairs, finished in 118s
Excluding 108 Twinned(2 x 1) pairwise rows (include_twinned=False).
Validated 521 rows / 168 pairs. Pretrain=60, candidate=108, pairwise image overlap=17.
Loaded SimCLR encoder fully (0 missing, 0 unexpected keys).
split A initial groups seed 625: pool 78 judgments, 26 pairs, finished in 121s
Excluding 108 Twinned(2 x 1) pairwise rows (include_twinned=False).
Validated 521 rows / 168 pairs. Pretrain=60, candidate=108, pairwise image overlap=24.
Loaded SimCLR encoder fully (0 missing, 0 unexpected keys).
split A initial groups seed 626: pool 96 judgments, 34 pairs, finished in 126s
Excluding 108 Twinned(2 x 1) pairwise rows (include_twinned=False).
Validated 521 rows / 168 pairs. Pretrain=60, candidate=108, pairwise image overlap=24.
Loaded SimCLR encoder fully (0 missing, 0 unexpected keys).
split A initial groups seed 627: pool 104 judgments, 37 pairs, finished in 116s
Excluding 108 Twinned(2 x 1) pairwise rows (include_twinned=False).
Validated 521 rows / 168 pairs. Pretrain=60, candidate=108, pairwise image overlap=26.
Loaded SimCLR encoder fully (0 missing, 0 unexpected keys).
split A initial groups seed 628: pool 85 judgments, 30 pairs, finished in 119s
Excluding 108 Twinned(2 x 1) pairwise rows (include_twinned=False).
Validated 521 rows / 168 pairs. Pretrain=60, candidate=108, pairwise image overlap=24.
Loaded SimCLR encoder fully (0 missing, 0 unexpected keys).
split A initial groups seed 629: pool 97 judgments, 32 pairs, finished in 116s
