Excluding 108 Twinned(2 x 1) pairwise rows (include_twinned=False).
Validated 521 rows / 168 pairs. Pretrain=10, candidate=158, pairwise image overlap=4.
Loaded SimCLR encoder fully (0 missing, 0 unexpected keys).
/home/user/wt_new/code/active_learning_studies/pair_disjoint_not_image_disjoint/frozen_encoder_reward_head.py:100: UserWarning: The given NumPy array is not writable, and PyTorch does not support non-writable tensors. This means writing to this tensor will result in undefined behavior. You may want to copy the array to protect its data or make it writable before converting it to a tensor. This type of warning will be suppressed for the rest of this program. (Triggered internally at /__w/pytorch/pytorch/torch/csrc/utils/tensor_numpy.cpp:213.)
  xa, xb, typ = features.get(rows.resolved_img1), features.get(rows.resolved_img2), torch.as_tensor(rows.type_idx.to_numpy())
split A initial groups seed 600: pool 241 judgments, 76 pairs, finished in 83s
Excluding 108 Twinned(2 x 1) pairwise rows (include_twinned=False).
Validated 521 rows / 168 pairs. Pretrain=10, candidate=158, pairwise image overlap=6.
Loaded SimCLR encoder fully (0 missing, 0 unexpected keys).
split A initial groups seed 601: pool 215 judgments, 69 pairs, finished in 86s
Excluding 108 Twinned(2 x 1) pairwise rows (include_twinned=False).
Validated 521 rows / 168 pairs. Pretrain=10, candidate=158, pairwise image overlap=2.
Loaded SimCLR encoder fully (0 missing, 0 unexpected keys).
split A initial groups seed 602: pool 218 judgments, 72 pairs, finished in 67s
Excluding 108 Twinned(2 x 1) pairwise rows (include_twinned=False).
Validated 521 rows / 168 pairs. Pretrain=10, candidate=158, pairwise image overlap=11.
Loaded SimCLR encoder fully (0 missing, 0 unexpected keys).
split A initial groups seed 603: pool 227 judgments, 73 pairs, finished in 61s
Excluding 108 Twinned(2 x 1) pairwise rows (include_twinned=False).
Validated 521 rows / 168 pairs. Pretrain=10, candidate=158, pairwise image overlap=7.
Loaded SimCLR encoder fully (0 missing, 0 unexpected keys).
split A initial groups seed 604: pool 220 judgments, 71 pairs, finished in 62s
Excluding 108 Twinned(2 x 1) pairwise rows (include_twinned=False).
Validated 521 rows / 168 pairs. Pretrain=10, candidate=158, pairwise image overlap=6.
Loaded SimCLR encoder fully (0 missing, 0 unexpected keys).
split A initial groups seed 605: pool 229 judgments, 73 pairs, finished in 61s
Excluding 108 Twinned(2 x 1) pairwise rows (include_twinned=False).
Validated 521 rows / 168 pairs. Pretrain=10, candidate=158, pairwise image overlap=4.
Loaded SimCLR encoder fully (0 missing, 0 unexpected keys).
split A initial groups seed 606: pool 214 judgments, 66 pairs, finished in 62s
Excluding 108 Twinned(2 x 1) pairwise rows (include_twinned=False).
Validated 521 rows / 168 pairs. Pretrain=10, candidate=158, pairwise image overlap=4.
Loaded SimCLR encoder fully (0 missing, 0 unexpected keys).
split A initial groups seed 607: pool 198 judgments, 68 pairs, finished in 61s
Excluding 108 Twinned(2 x 1) pairwise rows (include_twinned=False).
Validated 521 rows / 168 pairs. Pretrain=10, candidate=158, pairwise image overlap=4.
Loaded SimCLR encoder fully (0 missing, 0 unexpected keys).
split A initial groups seed 608: pool 211 judgments, 66 pairs, finished in 63s
Excluding 108 Twinned(2 x 1) pairwise rows (include_twinned=False).
Validated 521 rows / 168 pairs. Pretrain=10, candidate=158, pairwise image overlap=5.
Loaded SimCLR encoder fully (0 missing, 0 unexpected keys).
split A initial groups seed 609: pool 218 judgments, 68 pairs, finished in 95s
Excluding 108 Twinned(2 x 1) pairwise rows (include_twinned=False).
Validated 521 rows / 168 pairs. Pretrain=10, candidate=158, pairwise image overlap=3.
Loaded SimCLR encoder fully (0 missing, 0 unexpected keys).
split A initial groups seed 610: pool 203 judgments, 69 pairs, finished in 93s
Excluding 108 Twinned(2 x 1) pairwise rows (include_twinned=False).
Validated 521 rows / 168 pairs. Pretrain=10, candidate=158, pairwise image overlap=6.
Loaded SimCLR encoder fully (0 missing, 0 unexpected keys).
split A initial groups seed 611: pool 214 judgments, 70 pairs, finished in 94s
Excluding 108 Twinned(2 x 1) pairwise rows (include_twinned=False).
Validated 521 rows / 168 pairs. Pretrain=10, candidate=158, pairwise image overlap=6.
Loaded SimCLR encoder fully (0 missing, 0 unexpected keys).
split A initial groups seed 612: pool 212 judgments, 70 pairs, finished in 92s
Excluding 108 Twinned(2 x 1) pairwise rows (include_twinned=False).
Validated 521 rows / 168 pairs. Pretrain=10, candidate=158, pairwise image overlap=6.
Loaded SimCLR encoder fully (0 missing, 0 unexpected keys).
split A initial groups seed 613: pool 215 judgments, 68 pairs, finished in 95s
Excluding 108 Twinned(2 x 1) pairwise rows (include_twinned=False).
Validated 521 rows / 168 pairs. Pretrain=10, candidate=158, pairwise image overlap=9.
Loaded SimCLR encoder fully (0 missing, 0 unexpected keys).
split A initial groups seed 614: pool 212 judgments, 67 pairs, finished in 92s
Excluding 108 Twinned(2 x 1) pairwise rows (include_twinned=False).
Validated 521 rows / 168 pairs. Pretrain=10, candidate=158, pairwise image overlap=6.
Loaded SimCLR encoder fully (0 missing, 0 unexpected keys).
split A initial groups seed 615: pool 215 judgments, 69 pairs, finished in 98s
Excluding 108 Twinned(2 x 1) pairwise rows (include_twinned=False).
Validated 521 rows / 168 pairs. Pretrain=10, candidate=158, pairwise image overlap=3.
Loaded SimCLR encoder fully (0 missing, 0 unexpected keys).
split A initial groups seed 616: pool 220 judgments, 68 pairs, finished in 95s
Excluding 108 Twinned(2 x 1) pairwise rows (include_twinned=False).
Validated 521 rows / 168 pairs. Pretrain=10, candidate=158, pairwise image overlap=9.
Loaded SimCLR encoder fully (0 missing, 0 unexpected keys).
split A initial groups seed 617: pool 209 judgments, 70 pairs, finished in 95s
Excluding 108 Twinned(2 x 1) pairwise rows (include_twinned=False).
Validated 521 rows / 168 pairs. Pretrain=10, candidate=158, pairwise image overlap=5.
Loaded SimCLR encoder fully (0 missing, 0 unexpected keys).
split A initial groups seed 618: pool 199 judgments, 68 pairs, finished in 95s
Excluding 108 Twinned(2 x 1) pairwise rows (include_twinned=False).
Validated 521 rows / 168 pairs. Pretrain=10, candidate=158, pairwise image overlap=3.
Loaded SimCLR encoder fully (0 missing, 0 unexpected keys).
split A initial groups seed 619: pool 236 judgments, 74 pairs, finished in 96s
Excluding 108 Twinned(2 x 1) pairwise rows (include_twinned=False).
Validated 521 rows / 168 pairs. Pretrain=10, candidate=158, pairwise image overlap=4.
Loaded SimCLR encoder fully (0 missing, 0 unexpected keys).
split A initial groups seed 620: pool 197 judgments, 64 pairs, finished in 97s
Excluding 108 Twinned(2 x 1) pairwise rows (include_twinned=False).
Validated 521 rows / 168 pairs. Pretrain=10, candidate=158, pairwise image overlap=4.
Loaded SimCLR encoder fully (0 missing, 0 unexpected keys).
split A initial groups seed 621: pool 219 judgments, 72 pairs, finished in 99s
Excluding 108 Twinned(2 x 1) pairwise rows (include_twinned=False).
Validated 521 rows / 168 pairs. Pretrain=10, candidate=158, pairwise image overlap=6.
Loaded SimCLR encoder fully (0 missing, 0 unexpected keys).
split A initial groups seed 622: pool 221 judgments, 73 pairs, finished in 97s
Excluding 108 Twinned(2 x 1) pairwise rows (include_twinned=False).
Validated 521 rows / 168 pairs. Pretrain=10, candidate=158, pairwise image overlap=3.
Loaded SimCLR encoder fully (0 missing, 0 unexpected keys).
split A initial groups seed 623: pool 211 judgments, 69 pairs, finished in 95s
Excluding 108 Twinned(2 x 1) pairwise rows (include_twinned=False).
Validated 521 rows / 168 pairs. Pretrain=10, candidate=158, pairwise image overlap=10.
Loaded SimCLR encoder fully (0 missing, 0 unexpected keys).
split A initial groups seed 624: pool 225 judgments, 70 pairs, finished in 95s
Excluding 108 Twinned(2 x 1) pairwise rows (include_twinned=False).
Validated 521 rows / 168 pairs. Pretrain=10, candidate=158, pairwise image overlap=2.
Loaded SimCLR encoder fully (0 missing, 0 unexpected keys).
split A initial groups seed 625: pool 216 judgments, 69 pairs, finished in 97s
Excluding 108 Twinned(2 x 1) pairwise rows (include_twinned=False).
Validated 521 rows / 168 pairs. Pretrain=10, candidate=158, pairwise image overlap=10.
Loaded SimCLR encoder fully (0 missing, 0 unexpected keys).
split A initial groups seed 626: pool 223 judgments, 71 pairs, finished in 95s
Excluding 108 Twinned(2 x 1) pairwise rows (include_twinned=False).
Validated 521 rows / 168 pairs. Pretrain=10, candidate=158, pairwise image overlap=9.
Loaded SimCLR encoder fully (0 missing, 0 unexpected keys).
split A initial groups seed 627: pool 231 judgments, 73 pairs, finished in 96s
Excluding 108 Twinned(2 x 1) pairwise rows (include_twinned=False).
Validated 521 rows / 168 pairs. Pretrain=10, candidate=158, pairwise image overlap=4.
Loaded SimCLR encoder fully (0 missing, 0 unexpected keys).
split A initial groups seed 628: pool 203 judgments, 70 pairs, finished in 78s
Excluding 108 Twinned(2 x 1) pairwise rows (include_twinned=False).
Validated 521 rows / 168 pairs. Pretrain=10, candidate=158, pairwise image overlap=7.
Loaded SimCLR encoder fully (0 missing, 0 unexpected keys).
split A initial groups seed 629: pool 216 judgments, 73 pairs, finished in 64s
