Excluding 108 Twinned(2 x 1) pairwise rows (include_twinned=False).
Validated 521 rows / 168 pairs. Pretrain=20, candidate=148, pairwise image overlap=7.
Loaded SimCLR encoder fully (0 missing, 0 unexpected keys).
/home/user/wt_new/code/active_learning_studies/pair_disjoint_not_image_disjoint/frozen_encoder_reward_head.py:100: UserWarning: The given NumPy array is not writable, and PyTorch does not support non-writable tensors. This means writing to this tensor will result in undefined behavior. You may want to copy the array to protect its data or make it writable before converting it to a tensor. This type of warning will be suppressed for the rest of this program. (Triggered internally at /__w/pytorch/pytorch/torch/csrc/utils/tensor_numpy.cpp:213.)
  xa, xb, typ = features.get(rows.resolved_img1), features.get(rows.resolved_img2), torch.as_tensor(rows.type_idx.to_numpy())
split B initial groups seed 600: pool 281 judgments, 96 pairs, finished in 58s
Excluding 108 Twinned(2 x 1) pairwise rows (include_twinned=False).
Validated 521 rows / 168 pairs. Pretrain=20, candidate=148, pairwise image overlap=11.
Loaded SimCLR encoder fully (0 missing, 0 unexpected keys).
split B initial groups seed 601: pool 303 judgments, 97 pairs, finished in 61s
Excluding 108 Twinned(2 x 1) pairwise rows (include_twinned=False).
Validated 521 rows / 168 pairs. Pretrain=20, candidate=148, pairwise image overlap=9.
Loaded SimCLR encoder fully (0 missing, 0 unexpected keys).
split B initial groups seed 602: pool 307 judgments, 100 pairs, finished in 61s
Excluding 108 Twinned(2 x 1) pairwise rows (include_twinned=False).
Validated 521 rows / 168 pairs. Pretrain=20, candidate=148, pairwise image overlap=16.
Loaded SimCLR encoder fully (0 missing, 0 unexpected keys).
split B initial groups seed 603: pool 280 judgments, 97 pairs, finished in 62s
Excluding 108 Twinned(2 x 1) pairwise rows (include_twinned=False).
Validated 521 rows / 168 pairs. Pretrain=20, candidate=148, pairwise image overlap=15.
Loaded SimCLR encoder fully (0 missing, 0 unexpected keys).
split B initial groups seed 604: pool 287 judgments, 99 pairs, finished in 63s
Excluding 108 Twinned(2 x 1) pairwise rows (include_twinned=False).
Validated 521 rows / 168 pairs. Pretrain=20, candidate=148, pairwise image overlap=8.
Loaded SimCLR encoder fully (0 missing, 0 unexpected keys).
split B initial groups seed 605: pool 311 judgments, 98 pairs, finished in 62s
Excluding 108 Twinned(2 x 1) pairwise rows (include_twinned=False).
Validated 521 rows / 168 pairs. Pretrain=20, candidate=148, pairwise image overlap=10.
Loaded SimCLR encoder fully (0 missing, 0 unexpected keys).
split B initial groups seed 606: pool 277 judgments, 92 pairs, finished in 61s
Excluding 108 Twinned(2 x 1) pairwise rows (include_twinned=False).
Validated 521 rows / 168 pairs. Pretrain=20, candidate=148, pairwise image overlap=10.
Loaded SimCLR encoder fully (0 missing, 0 unexpected keys).
split B initial groups seed 607: pool 295 judgments, 95 pairs, finished in 62s
Excluding 108 Twinned(2 x 1) pairwise rows (include_twinned=False).
Validated 521 rows / 168 pairs. Pretrain=20, candidate=148, pairwise image overlap=10.
Loaded SimCLR encoder fully (0 missing, 0 unexpected keys).
split B initial groups seed 608: pool 288 judgments, 91 pairs, finished in 61s
Excluding 108 Twinned(2 x 1) pairwise rows (include_twinned=False).
Validated 521 rows / 168 pairs. Pretrain=20, candidate=148, pairwise image overlap=7.
Loaded SimCLR encoder fully (0 missing, 0 unexpected keys).
split B initial groups seed 609: pool 296 judgments, 98 pairs, finished in 63s
Excluding 108 Twinned(2 x 1) pairwise rows (include_twinned=False).
Validated 521 rows / 168 pairs. Pretrain=20, candidate=148, pairwise image overlap=5.
Loaded SimCLR encoder fully (0 missing, 0 unexpected keys).
split B initial groups seed 610: pool 288 judgments, 95 pairs, finished in 62s
Excluding 108 Twinned(2 x 1) pairwise rows (include_twinned=False).
Validated 521 rows / 168 pairs. Pretrain=20, candidate=148, pairwise image overlap=8.
Loaded SimCLR encoder fully (0 missing, 0 unexpected keys).
split B initial groups seed 611: pool 292 judgments, 93 pairs, finished in 63s
Excluding 108 Twinned(2 x 1) pairwise rows (include_twinned=False).
Validated 521 rows / 168 pairs. Pretrain=20, candidate=148, pairwise image overlap=9.
Loaded SimCLR encoder fully (0 missing, 0 unexpected keys).
split B initial groups seed 612: pool 316 judgments, 101 pairs, finished in 62s
Excluding 108 Twinned(2 x 1) pairwise rows (include_twinned=False).
Validated 521 rows / 168 pairs. Pretrain=20, candidate=148, pairwise image overlap=10.
Loaded SimCLR encoder fully (0 missing, 0 unexpected keys).
split B initial groups seed 613: pool 274 judgments, 89 pairs, finished in 62s
Excluding 108 Twinned(2 x 1) pairwise rows (include_twinned=False).
Validated 521 rows / 168 pairs. Pretrain=20, candidate=148, pairwise image overlap=14.
Loaded SimCLR encoder fully (0 missing, 0 unexpected keys).
split B initial groups seed 614: pool 307 judgments, 98 pairs, finished in 62s
Excluding 108 Twinned(2 x 1) pairwise rows (include_twinned=False).
Validated 521 rows / 168 pairs. Pretrain=20, candidate=148, pairwise image overlap=10.
Loaded SimCLR encoder fully (0 missing, 0 unexpected keys).
split B initial groups seed 615: pool 290 judgments, 94 pairs, finished in 60s
Excluding 108 Twinned(2 x 1) pairwise rows (include_twinned=False).
Validated 521 rows / 168 pairs. Pretrain=20, candidate=148, pairwise image overlap=11.
Loaded SimCLR encoder fully (0 missing, 0 unexpected keys).
split B initial groups seed 616: pool 273 judgments, 90 pairs, finished in 61s
Excluding 108 Twinned(2 x 1) pairwise rows (include_twinned=False).
Validated 521 rows / 168 pairs. Pretrain=20, candidate=148, pairwise image overlap=15.
Loaded SimCLR encoder fully (0 missing, 0 unexpected keys).
split B initial groups seed 617: pool 300 judgments, 97 pairs, finished in 63s
Excluding 108 Twinned(2 x 1) pairwise rows (include_twinned=False).
Validated 521 rows / 168 pairs. Pretrain=20, candidate=148, pairwise image overlap=8.
Loaded SimCLR encoder fully (0 missing, 0 unexpected keys).
split B initial groups seed 618: pool 301 judgments, 99 pairs, finished in 60s
Excluding 108 Twinned(2 x 1) pairwise rows (include_twinned=False).
Validated 521 rows / 168 pairs. Pretrain=20, candidate=148, pairwise image overlap=5.
Loaded SimCLR encoder fully (0 missing, 0 unexpected keys).
split B initial groups seed 619: pool 306 judgments, 96 pairs, finished in 62s
Excluding 108 Twinned(2 x 1) pairwise rows (include_twinned=False).
Validated 521 rows / 168 pairs. Pretrain=20, candidate=148, pairwise image overlap=10.
Loaded SimCLR encoder fully (0 missing, 0 unexpected keys).
split B initial groups seed 620: pool 296 judgments, 95 pairs, finished in 62s
Excluding 108 Twinned(2 x 1) pairwise rows (include_twinned=False).
Validated 521 rows / 168 pairs. Pretrain=20, candidate=148, pairwise image overlap=6.
Loaded SimCLR encoder fully (0 missing, 0 unexpected keys).
split B initial groups seed 621: pool 296 judgments, 92 pairs, finished in 62s
Excluding 108 Twinned(2 x 1) pairwise rows (include_twinned=False).
Validated 521 rows / 168 pairs. Pretrain=20, candidate=148, pairwise image overlap=10.
Loaded SimCLR encoder fully (0 missing, 0 unexpected keys).
split B initial groups seed 622: pool 298 judgments, 96 pairs, finished in 62s
Excluding 108 Twinned(2 x 1) pairwise rows (include_twinned=False).
Validated 521 rows / 168 pairs. Pretrain=20, candidate=148, pairwise image overlap=10.
Loaded SimCLR encoder fully (0 missing, 0 unexpected keys).
split B initial groups seed 623: pool 293 judgments, 96 pairs, finished in 45s
Excluding 108 Twinned(2 x 1) pairwise rows (include_twinned=False).
Validated 521 rows / 168 pairs. Pretrain=20, candidate=148, pairwise image overlap=14.
Loaded SimCLR encoder fully (0 missing, 0 unexpected keys).
split B initial groups seed 624: pool 312 judgments, 99 pairs, finished in 45s
Excluding 108 Twinned(2 x 1) pairwise rows (include_twinned=False).
Validated 521 rows / 168 pairs. Pretrain=20, candidate=148, pairwise image overlap=5.
Loaded SimCLR encoder fully (0 missing, 0 unexpected keys).
split B initial groups seed 625: pool 320 judgments, 101 pairs, finished in 43s
Excluding 108 Twinned(2 x 1) pairwise rows (include_twinned=False).
Validated 521 rows / 168 pairs. Pretrain=20, candidate=148, pairwise image overlap=14.
Loaded SimCLR encoder fully (0 missing, 0 unexpected keys).
split B initial groups seed 626: pool 283 judgments, 94 pairs, finished in 44s
Excluding 108 Twinned(2 x 1) pairwise rows (include_twinned=False).
Validated 521 rows / 168 pairs. Pretrain=20, candidate=148, pairwise image overlap=17.
Loaded SimCLR encoder fully (0 missing, 0 unexpected keys).
split B initial groups seed 627: pool 301 judgments, 97 pairs, finished in 43s
Excluding 108 Twinned(2 x 1) pairwise rows (include_twinned=False).
Validated 521 rows / 168 pairs. Pretrain=20, candidate=148, pairwise image overlap=13.
Loaded SimCLR encoder fully (0 missing, 0 unexpected keys).
split B initial groups seed 628: pool 302 judgments, 98 pairs, finished in 44s
Excluding 108 Twinned(2 x 1) pairwise rows (include_twinned=False).
Validated 521 rows / 168 pairs. Pretrain=20, candidate=148, pairwise image overlap=13.
Loaded SimCLR encoder fully (0 missing, 0 unexpected keys).
split B initial groups seed 629: pool 304 judgments, 99 pairs, finished in 44s
