Excluding 108 Twinned(2 x 1) pairwise rows (include_twinned=False).
Validated 521 rows / 168 pairs. Pretrain=30, candidate=138, pairwise image overlap=9.
Loaded SimCLR encoder fully (0 missing, 0 unexpected keys).
/home/user/wt_new/code/active_learning_studies/pair_disjoint_not_image_disjoint/frozen_encoder_reward_head.py:100: UserWarning: The given NumPy array is not writable, and PyTorch does not support non-writable tensors. This means writing to this tensor will result in undefined behavior. You may want to copy the array to protect its data or make it writable before converting it to a tensor. This type of warning will be suppressed for the rest of this program. (Triggered internally at /__w/pytorch/pytorch/torch/csrc/utils/tensor_numpy.cpp:213.)
  xa, xb, typ = features.get(rows.resolved_img1), features.get(rows.resolved_img2), torch.as_tensor(rows.type_idx.to_numpy())
split B initial groups seed 600: pool 251 judgments, 86 pairs, finished in 46s
Excluding 108 Twinned(2 x 1) pairwise rows (include_twinned=False).
Validated 521 rows / 168 pairs. Pretrain=30, candidate=138, pairwise image overlap=13.
Loaded SimCLR encoder fully (0 missing, 0 unexpected keys).
split B initial groups seed 601: pool 263 judgments, 87 pairs, finished in 48s
Excluding 108 Twinned(2 x 1) pairwise rows (include_twinned=False).
Validated 521 rows / 168 pairs. Pretrain=30, candidate=138, pairwise image overlap=14.
Loaded SimCLR encoder fully (0 missing, 0 unexpected keys).
split B initial groups seed 602: pool 278 judgments, 90 pairs, finished in 48s
Excluding 108 Twinned(2 x 1) pairwise rows (include_twinned=False).
Validated 521 rows / 168 pairs. Pretrain=30, candidate=138, pairwise image overlap=17.
Loaded SimCLR encoder fully (0 missing, 0 unexpected keys).
split B initial groups seed 603: pool 252 judgments, 87 pairs, finished in 47s
Excluding 108 Twinned(2 x 1) pairwise rows (include_twinned=False).
Validated 521 rows / 168 pairs. Pretrain=30, candidate=138, pairwise image overlap=22.
Loaded SimCLR encoder fully (0 missing, 0 unexpected keys).
split B initial groups seed 604: pool 263 judgments, 89 pairs, finished in 47s
Excluding 108 Twinned(2 x 1) pairwise rows (include_twinned=False).
Validated 521 rows / 168 pairs. Pretrain=30, candidate=138, pairwise image overlap=14.
Loaded SimCLR encoder fully (0 missing, 0 unexpected keys).
split B initial groups seed 605: pool 281 judgments, 88 pairs, finished in 48s
Excluding 108 Twinned(2 x 1) pairwise rows (include_twinned=False).
Validated 521 rows / 168 pairs. Pretrain=30, candidate=138, pairwise image overlap=11.
Loaded SimCLR encoder fully (0 missing, 0 unexpected keys).
split B initial groups seed 606: pool 251 judgments, 82 pairs, finished in 46s
Excluding 108 Twinned(2 x 1) pairwise rows (include_twinned=False).
Validated 521 rows / 168 pairs. Pretrain=30, candidate=138, pairwise image overlap=16.
Loaded SimCLR encoder fully (0 missing, 0 unexpected keys).
split B initial groups seed 607: pool 263 judgments, 85 pairs, finished in 47s
Excluding 108 Twinned(2 x 1) pairwise rows (include_twinned=False).
Validated 521 rows / 168 pairs. Pretrain=30, candidate=138, pairwise image overlap=14.
Loaded SimCLR encoder fully (0 missing, 0 unexpected keys).
split B initial groups seed 608: pool 258 judgments, 81 pairs, finished in 46s
Excluding 108 Twinned(2 x 1) pairwise rows (include_twinned=False).
Validated 521 rows / 168 pairs. Pretrain=30, candidate=138, pairwise image overlap=13.
Loaded SimCLR encoder fully (0 missing, 0 unexpected keys).
split B initial groups seed 609: pool 258 judgments, 88 pairs, finished in 48s
Excluding 108 Twinned(2 x 1) pairwise rows (include_twinned=False).
Validated 521 rows / 168 pairs. Pretrain=30, candidate=138, pairwise image overlap=11.
Loaded SimCLR encoder fully (0 missing, 0 unexpected keys).
split B initial groups seed 610: pool 256 judgments, 85 pairs, finished in 48s
Excluding 108 Twinned(2 x 1) pairwise rows (include_twinned=False).
Validated 521 rows / 168 pairs. Pretrain=30, candidate=138, pairwise image overlap=12.
Loaded SimCLR encoder fully (0 missing, 0 unexpected keys).
split B initial groups seed 611: pool 269 judgments, 83 pairs, finished in 47s
Excluding 108 Twinned(2 x 1) pairwise rows (include_twinned=False).
Validated 521 rows / 168 pairs. Pretrain=30, candidate=138, pairwise image overlap=10.
Loaded SimCLR encoder fully (0 missing, 0 unexpected keys).
split B initial groups seed 612: pool 285 judgments, 91 pairs, finished in 47s
Excluding 108 Twinned(2 x 1) pairwise rows (include_twinned=False).
Validated 521 rows / 168 pairs. Pretrain=30, candidate=138, pairwise image overlap=15.
Loaded SimCLR encoder fully (0 missing, 0 unexpected keys).
split B initial groups seed 613: pool 244 judgments, 79 pairs, finished in 48s
Excluding 108 Twinned(2 x 1) pairwise rows (include_twinned=False).
Validated 521 rows / 168 pairs. Pretrain=30, candidate=138, pairwise image overlap=17.
Loaded SimCLR encoder fully (0 missing, 0 unexpected keys).
split B initial groups seed 614: pool 282 judgments, 88 pairs, finished in 46s
