Excluding 108 Twinned(2 x 1) pairwise rows (include_twinned=False).
Validated 521 rows / 168 pairs. Pretrain=10, candidate=158, pairwise image overlap=4.
Loaded SimCLR encoder fully (0 missing, 0 unexpected keys).
/home/user/wt_new/code/active_learning_studies/pair_disjoint_not_image_disjoint/frozen_encoder_reward_head.py:100: UserWarning: The given NumPy array is not writable, and PyTorch does not support non-writable tensors. This means writing to this tensor will result in undefined behavior. You may want to copy the array to protect its data or make it writable before converting it to a tensor. This type of warning will be suppressed for the rest of this program. (Triggered internally at /__w/pytorch/pytorch/torch/csrc/utils/tensor_numpy.cpp:213.)
  xa, xb, typ = features.get(rows.resolved_img1), features.get(rows.resolved_img2), torch.as_tensor(rows.type_idx.to_numpy())
600 done predicted P(dec) AUC on pool:
Excluding 108 Twinned(2 x 1) pairwise rows (include_twinned=False).
Validated 521 rows / 168 pairs. Pretrain=10, candidate=158, pairwise image overlap=6.
Loaded SimCLR encoder fully (0 missing, 0 unexpected keys).
601 done predicted P(dec) AUC on pool:
Excluding 108 Twinned(2 x 1) pairwise rows (include_twinned=False).
Validated 521 rows / 168 pairs. Pretrain=10, candidate=158, pairwise image overlap=2.
Loaded SimCLR encoder fully (0 missing, 0 unexpected keys).
602 done predicted P(dec) AUC on pool:
Excluding 108 Twinned(2 x 1) pairwise rows (include_twinned=False).
Validated 521 rows / 168 pairs. Pretrain=10, candidate=158, pairwise image overlap=11.
Loaded SimCLR encoder fully (0 missing, 0 unexpected keys).
603 done predicted P(dec) AUC on pool:
Excluding 108 Twinned(2 x 1) pairwise rows (include_twinned=False).
Validated 521 rows / 168 pairs. Pretrain=10, candidate=158, pairwise image overlap=7.
Loaded SimCLR encoder fully (0 missing, 0 unexpected keys).
604 done predicted P(dec) AUC on pool:
oracle_decisive gain over random (logloss, auc, acc), decisive share
            ll     auc     acc  dec
budget                             
10     -0.0079 -0.0001  0.0072  1.0
20     -0.0099  0.0011 -0.0009  1.0
40      0.0040  0.0085  0.0061  1.0
60     -0.0588  0.0073  0.0154  1.0
top25_pdec gain over random (logloss, auc, acc), decisive share
            ll     auc     acc     dec
budget                                
10     -0.0237 -0.0075 -0.0080  0.7820
20     -0.0169 -0.0048 -0.0130  0.7860
40     -0.0444 -0.0141 -0.0237  0.7820
60     -0.0808 -0.0143 -0.0126  0.7823
top50_pdec gain over random (logloss, auc, acc), decisive share
            ll     auc     acc     dec
budget                                
10     -0.0055 -0.0003  0.0022  0.6760
20     -0.0111 -0.0006 -0.0042  0.6790
40     -0.0033 -0.0013 -0.0084  0.6725
60     -0.0280 -0.0021 -0.0049  0.6697
