Excluding 108 Twinned(2 x 1) pairwise rows (include_twinned=False).
Validated 521 rows / 168 pairs. Pretrain=10, candidate=158, pairwise image overlap=4.
Loaded SimCLR encoder fully (0 missing, 0 unexpected keys).
/home/user/wt_new/code/active_learning_studies/pair_disjoint_not_image_disjoint/frozen_encoder_reward_head.py:100: UserWarning: The given NumPy array is not writable, and PyTorch does not support non-writable tensors. This means writing to this tensor will result in undefined behavior. You may want to copy the array to protect its data or make it writable before converting it to a tensor. This type of warning will be suppressed for the rest of this program. (Triggered internally at /__w/pytorch/pytorch/torch/csrc/utils/tensor_numpy.cpp:213.)
  xa, xb, typ = features.get(rows.resolved_img1), features.get(rows.resolved_img2), torch.as_tensor(rows.type_idx.to_numpy())
600 done predicted P(dec) AUC on pool:
Excluding 108 Twinned(2 x 1) pairwise rows (include_twinned=False).
Validated 521 rows / 168 pairs. Pretrain=10, candidate=158, pairwise image overlap=6.
Loaded SimCLR encoder fully (0 missing, 0 unexpected keys).
601 done predicted P(dec) AUC on pool:
Excluding 108 Twinned(2 x 1) pairwise rows (include_twinned=False).
Validated 521 rows / 168 pairs. Pretrain=10, candidate=158, pairwise image overlap=2.
Loaded SimCLR encoder fully (0 missing, 0 unexpected keys).
602 done predicted P(dec) AUC on pool:
Excluding 108 Twinned(2 x 1) pairwise rows (include_twinned=False).
Validated 521 rows / 168 pairs. Pretrain=10, candidate=158, pairwise image overlap=11.
Loaded SimCLR encoder fully (0 missing, 0 unexpected keys).
603 done predicted P(dec) AUC on pool:
Excluding 108 Twinned(2 x 1) pairwise rows (include_twinned=False).
Validated 521 rows / 168 pairs. Pretrain=10, candidate=158, pairwise image overlap=7.
Loaded SimCLR encoder fully (0 missing, 0 unexpected keys).
604 done predicted P(dec) AUC on pool:
oracle_decisive gain over random (logloss, auc, acc), decisive share
            ll     auc     acc  dec
budget                             
10     -0.0233 -0.0006  0.0011  1.0
20     -0.0120  0.0105  0.0153  1.0
40     -0.0275  0.0049  0.0028  1.0
60     -0.0857  0.0069  0.0118  1.0
top25_pdec gain over random (logloss, auc, acc), decisive share
            ll     auc     acc    dec
budget                               
10     -0.0254 -0.0121 -0.0141  0.754
20     -0.0083 -0.0036  0.0006  0.711
40     -0.0114 -0.0035 -0.0081  0.719
60      0.0082 -0.0028  0.0078  0.706
top50_pdec gain over random (logloss, auc, acc), decisive share
            ll     auc     acc     dec
budget                                
10     -0.0353 -0.0135 -0.0090  0.6500
20     -0.0030 -0.0002 -0.0018  0.6380
40     -0.0162 -0.0072 -0.0122  0.6550
60      0.0119 -0.0027  0.0021  0.6537
